// Jest Snapshot v1, https://goo.gl/fbAQLP

exports[`<Main /> should render the heading 1`] = `
<main
  class="styles__Wrapper-dzx1ao-0 bpsxWF"
>
  <div
    class="styles__ContainerLogo-dzx1ao-1 bColco"
  >
    <img
      alt="Imagem de um átomo e React Avançado escrito ao lado."
      class="styles__Logo-dzx1ao-2 goBltc"
      src="/img/atomo_react.svg"
    />
    <div
      class="styles__LogoWrapper-dzx1ao-3 dtffgl"
    >
      <h1
        class="styles__Title-dzx1ao-4 dWLGax"
      >
        Boilerplate React
      </h1>
      <h6
        class="styles__Author-dzx1ao-5 jtTJyt"
      >
        Create by: Thiago Borges Siqueira
      </h6>
    </div>
  </div>
  <h2
    class="styles__Description-dzx1ao-6 bOCUFR"
  >
    TypeScript, ReactJS e Styled Components
  </h2>
  <img
    alt="Um desenvolvedor de frente para uma tela com código"
    class="styles__Illustration-dzx1ao-7 hOAZYT"
    src="/img/developer.jpeg"
  />
</main>
`
